// Jest Snapshot v1, https://goo.gl/fbAQLP

exports[`renders new message button correctly 1`] = `null`;
